<h1>Compare 0 vs 1</h1>
<ul>
<li> db1: testdata/test_catalogs/test_catalog_01/test_catalog_01_fresh.lrcat
<li> db2: testdata/test_catalogs/test_catalog_02/test_catalog_02_gps_captions_collections_keywords.lrcat
</ul>
<table border="1" class="dataframe">
  <thead>
    <tr style="text-align: left;">
      <th style="min-width: 100px;">DIFF_TYPE</th>
      <th style="min-width: 100px;">value_db1</th>
      <th style="min-width: 100px;">value_db2</th>
      <th style="min-width: 100px;">value_delta</th>
      <th style="min-width: 100px;">AgLibraryFile_idx_filename_db1</th>
      <th style="min-width: 100px;">AgLibraryFolder_pathFromRoot_db1</th>
      <th style="min-width: 100px;">AgLibraryRootFolder_absolutePath_db1</th>
      <th style="min-width: 100px;">IMAGE_LINK_db1</th>
    </tr>
  </thead>
  <tbody>
  </tbody>
</table>
<p>
If the above looks OK, you can remove the left catalog (db1) using:
<pre>
rm "testdata/test_catalogs/test_catalog_01/test_catalog_01_fresh.lrcat"
</pre>
<h1>Compare 1 vs 2</h1>
<ul>
<li> db1: testdata/test_catalogs/test_catalog_02/test_catalog_02_gps_captions_collections_keywords.lrcat
<li> db2: testdata/test_catalogs/test_catalog_03/test_catalog_03_two_more_photos_and_edits.lrcat
</ul>
<table border="1" class="dataframe">
  <thead>
    <tr style="text-align: left;">
      <th style="min-width: 100px;">DIFF_TYPE</th>
      <th style="min-width: 100px;">value_db1</th>
      <th style="min-width: 100px;">value_db2</th>
      <th style="min-width: 100px;">value_delta</th>
      <th style="min-width: 100px;">AgLibraryFile_idx_filename_db1</th>
      <th style="min-width: 100px;">AgLibraryFolder_pathFromRoot_db1</th>
      <th style="min-width: 100px;">AgLibraryRootFolder_absolutePath_db1</th>
      <th style="min-width: 100px;">IMAGE_LINK_db1</th>
    </tr>
  </thead>
  <tbody>
    <tr>
      <td>CAPTION</td>
      <td>The Golden Gate Bridge in San Francisco, CA at sunset.</td>
      <td>The Golden Gate Bridge in San Francisco, CA at sunset.  Taken from Marin.</td>
      <td></td>
      <td>GoldenGateBridge-001.jpg</td>
      <td></td>
      <td>/Users/thad/Google Drive/src/lightroom/testdata/test_photos/</td>
      <td><a href="file:///Users/thad/Google%20Drive/src/lightroom/testdata/test_photos/GoldenGateBridge-001.jpg" target="_blank">file:///Users/thad/Google%20Drive/src/lightroom/testdata/test_photos/GoldenGateBridge-001.jpg</a></td>
    </tr>
    <tr>
      <td>GPS_LOCATION</td>
      <td>(48.13746461620167, 11.575437771163333)</td>
      <td>(48.13732308062167, 11.575565271141667)</td>
      <td>18.37734242050347 meters</td>
      <td>1200px-Rathaus_and_Marienplatz_from_Peterskirche_-_August_2006.jpg</td>
      <td></td>
      <td>/Users/thad/Google Drive/src/lightroom/testdata/test_photos/</td>
      <td><a href="file:///Users/thad/Google%20Drive/src/lightroom/testdata/test_photos/1200px-Rathaus_and_Marienplatz_from_Peterskirche_-_August_2006.jpg" target="_blank">file:///Users/thad/Google%20Drive/src/lightroom/testdata/test_photos/1200px-Rathaus_and_Marienplatz_from_Peterskirche_-_August_2006.jpg</a></td>
    </tr>
    <tr>
      <td>GPS_LOCATION</td>
      <td>(37.82686602640833, -122.48635834924333)</td>
      <td>(37.827827756526666, -122.48773672802666)</td>
      <td>161.61791857565134 meters</td>
      <td>GoldenGateBridge-001.jpg</td>
      <td></td>
      <td>/Users/thad/Google Drive/src/lightroom/testdata/test_photos/</td>
      <td><a href="file:///Users/thad/Google%20Drive/src/lightroom/testdata/test_photos/GoldenGateBridge-001.jpg" target="_blank">file:///Users/thad/Google%20Drive/src/lightroom/testdata/test_photos/GoldenGateBridge-001.jpg</a></td>
    </tr>
    <tr>
      <td>RATING</td>
      <td>3</td>
      <td>4</td>
      <td>1</td>
      <td>1200px-Rathaus_and_Marienplatz_from_Peterskirche_-_August_2006.jpg</td>
      <td></td>
      <td>/Users/thad/Google Drive/src/lightroom/testdata/test_photos/</td>
      <td><a href="file:///Users/thad/Google%20Drive/src/lightroom/testdata/test_photos/1200px-Rathaus_and_Marienplatz_from_Peterskirche_-_August_2006.jpg" target="_blank">file:///Users/thad/Google%20Drive/src/lightroom/testdata/test_photos/1200px-Rathaus_and_Marienplatz_from_Peterskirche_-_August_2006.jpg</a></td>
    </tr>
    <tr>
      <td>RATING</td>
      <td>3</td>
      <td></td>
      <td></td>
      <td>GoldenGateBridge-001.jpg</td>
      <td></td>
      <td>/Users/thad/Google Drive/src/lightroom/testdata/test_photos/</td>
      <td><a href="file:///Users/thad/Google%20Drive/src/lightroom/testdata/test_photos/GoldenGateBridge-001.jpg" target="_blank">file:///Users/thad/Google%20Drive/src/lightroom/testdata/test_photos/GoldenGateBridge-001.jpg</a></td>
    </tr>
    <tr>
      <td>RATING</td>
      <td>4</td>
      <td>5</td>
      <td>1</td>
      <td>Hermann_Hesse_2.jpg</td>
      <td></td>
      <td>/Users/thad/Google Drive/src/lightroom/testdata/test_photos/</td>
      <td><a href="file:///Users/thad/Google%20Drive/src/lightroom/testdata/test_photos/Hermann_Hesse_2.jpg" target="_blank">file:///Users/thad/Google%20Drive/src/lightroom/testdata/test_photos/Hermann_Hesse_2.jpg</a></td>
    </tr>
    <tr>
      <td>REMOVED FROM COLLECTION</td>
      <td>Heroes</td>
      <td>None</td>
      <td></td>
      <td>Hermann_Hesse_2.jpg</td>
      <td></td>
      <td>/Users/thad/Google Drive/src/lightroom/testdata/test_photos/</td>
      <td><a href="file:///Users/thad/Google%20Drive/src/lightroom/testdata/test_photos/Hermann_Hesse_2.jpg" target="_blank">file:///Users/thad/Google%20Drive/src/lightroom/testdata/test_photos/Hermann_Hesse_2.jpg</a></td>
    </tr>
    <tr>
      <td>REMOVED FROM COLLECTION</td>
      <td>Heroes</td>
      <td>None</td>
      <td></td>
      <td>Martin_Luther_King,_Jr..jpg</td>
      <td></td>
      <td>/Users/thad/Google Drive/src/lightroom/testdata/test_photos/</td>
      <td><a href="file:///Users/thad/Google%20Drive/src/lightroom/testdata/test_photos/Martin_Luther_King%2C_Jr..jpg" target="_blank">file:///Users/thad/Google%20Drive/src/lightroom/testdata/test_photos/Martin_Luther_King%2C_Jr..jpg</a></td>
    </tr>
    <tr>
      <td>REMOVED FROM KEYWORD</td>
      <td>Erde</td>
      <td>None</td>
      <td></td>
      <td>1200px-The_Earth_seen_from_Apollo_17.jpg</td>
      <td></td>
      <td>/Users/thad/Google Drive/src/lightroom/testdata/test_photos/</td>
      <td><a href="file:///Users/thad/Google%20Drive/src/lightroom/testdata/test_photos/1200px-The_Earth_seen_from_Apollo_17.jpg" target="_blank">file:///Users/thad/Google%20Drive/src/lightroom/testdata/test_photos/1200px-The_Earth_seen_from_Apollo_17.jpg</a></td>
    </tr>
    <tr>
      <td>REMOVED FROM KEYWORD</td>
      <td>Hermann Hesse</td>
      <td>None</td>
      <td></td>
      <td>Hermann_Hesse_2.jpg</td>
      <td></td>
      <td>/Users/thad/Google Drive/src/lightroom/testdata/test_photos/</td>
      <td><a href="file:///Users/thad/Google%20Drive/src/lightroom/testdata/test_photos/Hermann_Hesse_2.jpg" target="_blank">file:///Users/thad/Google%20Drive/src/lightroom/testdata/test_photos/Hermann_Hesse_2.jpg</a></td>
    </tr>
  </tbody>
</table>
<p>
If the above looks OK, you can remove the left catalog (db1) using:
<pre>
rm "testdata/test_catalogs/test_catalog_02/test_catalog_02_gps_captions_collections_keywords.lrcat"
</pre>
<h1>Compare 2 vs 3</h1>
<ul>
<li> db1: testdata/test_catalogs/test_catalog_03/test_catalog_03_two_more_photos_and_edits.lrcat
<li> db2: testdata/test_catalogs/test_catalog_04/test_catalog_04_more_face_tags_gps_edit.lrcat
</ul>
<table border="1" class="dataframe">
  <thead>
    <tr style="text-align: left;">
      <th style="min-width: 100px;">DIFF_TYPE</th>
      <th style="min-width: 100px;">value_db1</th>
      <th style="min-width: 100px;">value_db2</th>
      <th style="min-width: 100px;">value_delta</th>
      <th style="min-width: 100px;">AgLibraryFile_idx_filename_db1</th>
      <th style="min-width: 100px;">AgLibraryFolder_pathFromRoot_db1</th>
      <th style="min-width: 100px;">AgLibraryRootFolder_absolutePath_db1</th>
      <th style="min-width: 100px;">IMAGE_LINK_db1</th>
    </tr>
  </thead>
  <tbody>
    <tr>
      <td>GPS_LOCATION</td>
      <td>(37.827827756526666, -122.48773672802666)</td>
      <td>(37.827544289161665, -122.48189497883833)</td>
      <td>515.2549666380297 meters</td>
      <td>GoldenGateBridge-001.jpg</td>
      <td></td>
      <td>/Users/thad/Google Drive/src/lightroom/testdata/test_photos/</td>
      <td><a href="file:///Users/thad/Google%20Drive/src/lightroom/testdata/test_photos/GoldenGateBridge-001.jpg" target="_blank">file:///Users/thad/Google%20Drive/src/lightroom/testdata/test_photos/GoldenGateBridge-001.jpg</a></td>
    </tr>
  </tbody>
</table>
<p>
If the above looks OK, you can remove the left catalog (db1) using:
<pre>
rm "testdata/test_catalogs/test_catalog_03/test_catalog_03_two_more_photos_and_edits.lrcat"
</pre>