DIFF_TYPE,value_db1,value_db2,AgLibraryFile_idx_filename_db1,AgLibraryFolder_pathFromRoot_db1,AgLibraryRootFolder_absolutePath_db1,IMAGE_LINK_db1
