DIFF_TYPE,value_db1,value_db2,value_delta,AgLibraryFile_idx_filename_db1,AgLibraryFolder_pathFromRoot_db1,AgLibraryRootFolder_absolutePath_db1,IMAGE_LINK_db1
GPS_LATITUDE,37.827827756526666,37.827544289161665,-0.0002834673650013997,GoldenGateBridge-001.jpg,,/Users/thad/Google Drive/src/lightroom/testdata/test_photos/,file:///Users/thad/Google%20Drive/src/lightroom/testdata/test_photos/GoldenGateBridge-001.jpg
GPS_LONGITUDE,-122.48773672802666,-122.48189497883833,0.005841749188334688,GoldenGateBridge-001.jpg,,/Users/thad/Google Drive/src/lightroom/testdata/test_photos/,file:///Users/thad/Google%20Drive/src/lightroom/testdata/test_photos/GoldenGateBridge-001.jpg
